[www.bethlehemgraz.at/cond0r/resume/index.html]
[backblue.gif]
[fade.gif]
[index.html]
[www.bethlehemgraz.at/cond0r/resume/css/style.css]
[www.bethlehemgraz.at/cond0r/resume/css/print.css]
[www.bethlehemgraz.at/cond0r/resume/fancybox/jquery.fancybox-1.3.0.css]
[www.bethlehemgraz.at/cond0r/resume/img/photo.png]
[www.bethlehemgraz.at/cond0r/resume/img/photo-big.png]
[www.bethlehemgraz.at/cond0r/resume/js/jquery-1.4.js]
[www.bethlehemgraz.at/cond0r/resume/fancybox/jquery.easing-1.3.pack.js]
[www.bethlehemgraz.at/cond0r/resume/fancybox/jquery.fancybox-1.3.0.pack.js]
[www.bethlehemgraz.at/cond0r/resume/js/cufon.js]
[www.bethlehemgraz.at/cond0r/resume/js/Myriad_Pro_400-Myriad_Pro_900-Myriad_Pro_italic_400-Myriad_Pro_italic_700.font.js]
[www.bethlehemgraz.at/cond0r/resume/js/jquery.validate.js]
[www.bethlehemgraz.at/cond0r/resume/js/custom.js]
[www.bethlehemgraz.at/cond0r/resume/index.html]
[www.bethlehemgraz.at/cond0r/resume/img/background-1.png]
[www.bethlehemgraz.at/cond0r/resume/img/separator.png]
[www.bethlehemgraz.at/cond0r/resume/img/top-content.png]
[www.bethlehemgraz.at/cond0r/resume/img/shaddow.png]
[www.bethlehemgraz.at/cond0r/resume/img/icons-sprite.png]
[www.bethlehemgraz.at/cond0r/resume/img/tooltip.png]
[www.bethlehemgraz.at/cond0r/resume/img/middle-content.png]
[www.bethlehemgraz.at/cond0r/resume/img/arrow-up.png]
[www.bethlehemgraz.at/cond0r/resume/img/bottom-content.png]
[www.bethlehemgraz.at/cond0r/resume/img/icons-min.png]
[www.bethlehemgraz.at/cond0r/resume/img/ajax-loader.gif]
[www.bethlehemgraz.at/cond0r/resume/img/social-icons.png]
[www.bethlehemgraz.at/cond0r/resume/css/style.css]
[www.bethlehemgraz.at/cond0r/resume/css/print.css]
[www.bethlehemgraz.at/cond0r/resume/fancybox/fancy_loading.png]
[www.bethlehemgraz.at/cond0r/resume/fancybox/fancy_close.png]
[www.bethlehemgraz.at/cond0r/resume/fancybox/fancy_title_over.png]
[www.bethlehemgraz.at/cond0r/resume/fancybox/fancy_title_left.png]
[www.bethlehemgraz.at/cond0r/resume/fancybox/fancy_title_main.png]
[www.bethlehemgraz.at/cond0r/resume/fancybox/fancy_title_right.png]
[www.bethlehemgraz.at/cond0r/resume/fancybox/blank.gif]
[www.bethlehemgraz.at/cond0r/resume/fancybox/fancy_nav_left.png]
[www.bethlehemgraz.at/cond0r/resume/fancybox/fancy_nav_right.png]
[www.bethlehemgraz.at/cond0r/resume/fancybox/fancy_shadow_n.png]
[www.bethlehemgraz.at/cond0r/resume/fancybox/fancy_shadow_ne.png]
[www.bethlehemgraz.at/cond0r/resume/fancybox/fancy_shadow_e.png]
[www.bethlehemgraz.at/cond0r/resume/fancybox/fancy_shadow_se.png]
[www.bethlehemgraz.at/cond0r/resume/fancybox/fancy_shadow_s.png]
[www.bethlehemgraz.at/cond0r/resume/fancybox/fancy_shadow_sw.png]
[www.bethlehemgraz.at/cond0r/resume/fancybox/fancy_shadow_w.png]
[www.bethlehemgraz.at/cond0r/resume/fancybox/fancy_shadow_nw.png]
[www.bethlehemgraz.at/cond0r/resume/fancybox/jquery.fancybox-1.3.0.css]
